----------------------------------------------------------------------
      name:  <unnamed>
       log:  C:\Users\alice\Documents\STATA\presentazione_statistica.l
> og
  log type:  text
 opened on:  21 Apr 2026, 17:19:56

. 
. //usiamo il Round 11 dell'European Social Survey quindi con dati che
>  fanno riferimento al periodo post-covid per capire se le teorie si 
> confermano anche dopo la pandemia. 
. 
. use ESS11e04_1

. 
. //vogliamo studiare che tipo di relazione esiste tra l'uso di intern
> et e la partecipazione politica in Italia e in Svezia, studiando com
> e cambia la relazione tra i singoli paesi. 
. 
. keep if cntry == "IT" | cntry == "SE"
(46,021 observations deleted)

. 
. //selezioniamo le variabili per uso di internet
. 
. lookfor internet

Variable      Storage   Display    Value
    name         type    format    label      Variable label
----------------------------------------------------------------------
netusoft        byte    %3.0g      netusoft   Internet use, how often
netustm         int     %6.0g      netustm    Internet use, how much
                                                time on typical day,
                                                in minutes

. describe netusoft

Variable      Storage   Display    Value
    name         type    format    label      Variable label
----------------------------------------------------------------------
netusoft        byte    %3.0g      netusoft   Internet use, how often

. codebook netusoft

----------------------------------------------------------------------
netusoft                                       Internet use, how often
----------------------------------------------------------------------

                  Type: Numeric (byte)
                 Label: netusoft

                 Range: [1,5]                         Units: 1
         Unique values: 5                         Missing .: 0/4,095
       Unique mv codes: 2                        Missing .*: 3/4,095

            Tabulation: Freq.   Numeric  Label
                          456         1  Never
                          226         2  Only occasionally
                          217         3  A few times a week
                          416         4  Most days
                        2,777         5  Every day
                            1        .a  Refusal
                            2        .b  Don't know

. tab netusoft, m

 Internet use, how |
             often |      Freq.     Percent        Cum.
-------------------+-----------------------------------
             Never |        456       11.14       11.14
 Only occasionally |        226        5.52       16.65
A few times a week |        217        5.30       21.95
         Most days |        416       10.16       32.11
         Every day |      2,777       67.81       99.93
           Refusal |          1        0.02       99.95
        Don't know |          2        0.05      100.00
-------------------+-----------------------------------
             Total |      4,095      100.00

. 
. //identifichiamo i missing values 
. 
. replace netusoft = . if netusoft == .a
(1 real change made, 1 to missing)

. replace netusoft = . if netusoft == .b
(2 real changes made, 2 to missing)

. 
. tab netusoft, m 

 Internet use, how |
             often |      Freq.     Percent        Cum.
-------------------+-----------------------------------
             Never |        456       11.14       11.14
 Only occasionally |        226        5.52       16.65
A few times a week |        217        5.30       21.95
         Most days |        416       10.16       32.11
         Every day |      2,777       67.81       99.93
                 . |          3        0.07      100.00
-------------------+-----------------------------------
             Total |      4,095      100.00

. drop if netusoft == .
(3 observations deleted)

. tab netusoft,m

 Internet use, how |
             often |      Freq.     Percent        Cum.
-------------------+-----------------------------------
             Never |        456       11.14       11.14
 Only occasionally |        226        5.52       16.67
A few times a week |        217        5.30       21.97
         Most days |        416       10.17       32.14
         Every day |      2,777       67.86      100.00
-------------------+-----------------------------------
             Total |      4,092      100.00

. 
. //creiamo la nuova variabile internet_use raggruppando i valori dell
> a variabile netusoft
. 
. gen internet_use = . 
(4,092 missing values generated)

. replace internet_use = 1 if inlist(netusoft, 4,5)
(3,193 real changes made)

. replace internet_use = 2 if inlist(netusoft, 2,3)
(443 real changes made)

. replace internet_use = 3 if netusoft == 1
(456 real changes made)

. label variable internet_use "internet use frequency"

. label define internet_use 1 "frequent user" ///
>                                                   2 "occasional user
> " ///
>                                                   3 "non-user" 

. label value internet_use internet_use

.                                                   
. tab internet_use, m 

   internet use |
      frequency |      Freq.     Percent        Cum.
----------------+-----------------------------------
  frequent user |      3,193       78.03       78.03
occasional user |        443       10.83       88.86
       non-user |        456       11.14      100.00
----------------+-----------------------------------
          Total |      4,092      100.00

. 
. //definiamo le variabili per la partecipazione politica combinandole
>  per creare un'indice che la identifichi 
. 
. codebook pstplonl sgnptit bctprd 

----------------------------------------------------------------------
pstplonl                               Posted or shared anything about
                                       politics online last 12 months
----------------------------------------------------------------------

                  Type: Numeric (byte)
                 Label: pstplonl

                 Range: [1,2]                         Units: 1
         Unique values: 2                         Missing .: 0/4,092
       Unique mv codes: 2                        Missing .*: 19/4,092

            Tabulation: Freq.   Numeric  Label
                          673         1  Yes
                        3,400         2  No
                            3        .a  Refusal
                           16        .b  Don't know

----------------------------------------------------------------------
sgnptit                                 Signed petition last 12 months
----------------------------------------------------------------------

                  Type: Numeric (byte)
                 Label: sgnptit

                 Range: [1,2]                         Units: 1
         Unique values: 2                         Missing .: 0/4,092
       Unique mv codes: 2                        Missing .*: 19/4,092

            Tabulation: Freq.   Numeric  Label
                          754         1  Yes
                        3,319         2  No
                            2        .a  Refusal
                           17        .b  Don't know

----------------------------------------------------------------------
bctprd                       Boycotted certain products last 12 months
----------------------------------------------------------------------

                  Type: Numeric (byte)
                 Label: bctprd

                 Range: [1,2]                         Units: 1
         Unique values: 2                         Missing .: 0/4,092
       Unique mv codes: 2                        Missing .*: 25/4,092

            Tabulation: Freq.   Numeric  Label
                          826         1  Yes
                        3,241         2  No
                            1        .a  Refusal
                           24        .b  Don't know

. 
. tab pstplonl, m

  Posted or |
     shared |
   anything |
      about |
   politics |
online last |
  12 months |      Freq.     Percent        Cum.
------------+-----------------------------------
        Yes |        673       16.45       16.45
         No |      3,400       83.09       99.54
    Refusal |          3        0.07       99.61
 Don't know |         16        0.39      100.00
------------+-----------------------------------
      Total |      4,092      100.00

. tab sgnptit, m

     Signed |
   petition |
    last 12 |
     months |      Freq.     Percent        Cum.
------------+-----------------------------------
        Yes |        754       18.43       18.43
         No |      3,319       81.11       99.54
    Refusal |          2        0.05       99.58
 Don't know |         17        0.42      100.00
------------+-----------------------------------
      Total |      4,092      100.00

. tab bctprd, m

  Boycotted |
    certain |
   products |
    last 12 |
     months |      Freq.     Percent        Cum.
------------+-----------------------------------
        Yes |        826       20.19       20.19
         No |      3,241       79.20       99.39
    Refusal |          1        0.02       99.41
 Don't know |         24        0.59      100.00
------------+-----------------------------------
      Total |      4,092      100.00

. 
. //identifichiamo i missing values per ciascuna variabile
. replace pstplonl = . if pstplonl == .a
(3 real changes made, 3 to missing)

. replace pstplonl = . if pstplonl == .b
(16 real changes made, 16 to missing)

. replace sgnptit = . if sgnptit == .a
(2 real changes made, 2 to missing)

. replace sgnptit = . if sgnptit == .b
(17 real changes made, 17 to missing)

. replace bctprd = . if bctprd == .a
(1 real change made, 1 to missing)

. replace bctprd = . if bctprd == .b
(24 real changes made, 24 to missing)

. drop if pstplonl == .
(19 observations deleted)

. drop if sgnptit == .
(16 observations deleted)

. drop if bctprd == .
(17 observations deleted)

. 
. tab pstplonl, m

  Posted or |
     shared |
   anything |
      about |
   politics |
online last |
  12 months |      Freq.     Percent        Cum.
------------+-----------------------------------
        Yes |        661       16.36       16.36
         No |      3,379       83.64      100.00
------------+-----------------------------------
      Total |      4,040      100.00

. tab sgnptit,m

     Signed |
   petition |
    last 12 |
     months |      Freq.     Percent        Cum.
------------+-----------------------------------
        Yes |        747       18.49       18.49
         No |      3,293       81.51      100.00
------------+-----------------------------------
      Total |      4,040      100.00

. tab bctprd,m

  Boycotted |
    certain |
   products |
    last 12 |
     months |      Freq.     Percent        Cum.
------------+-----------------------------------
        Yes |        817       20.22       20.22
         No |      3,223       79.78      100.00
------------+-----------------------------------
      Total |      4,040      100.00

. 
. //creo indice per la partecipazione politica                        
>                     
. gen part_online = (pstplonl == 1)

. gen part_petition = (sgnptit == 1)

. gen part_boycott = (bctprd == 1)

. 
. gen pol_participation = part_online + part_petition + part_boycott

. label variable pol_participation "Political partecipation index"

. tab pol_participation,m           

  Political |
partecipati |
   on index |      Freq.     Percent        Cum.
------------+-----------------------------------
          0 |      2,596       64.26       64.26
          1 |        832       20.59       84.85
          2 |        443       10.97       95.82
          3 |        169        4.18      100.00
------------+-----------------------------------
      Total |      4,040      100.00

. 
. 
. ********************************************************************
> ***********
. *******************ANALISI DESCRITTIVA MONOVARIATA******************
> *******       
.                                                   
. //osserviamo la variabile indipendente e dipendente separatamente pe
> r Italia e Svezia 
. 
. *Italia
. tab internet_use if cntry == "IT", m 

   internet use |
      frequency |      Freq.     Percent        Cum.
----------------+-----------------------------------
  frequent user |      2,029       71.59       71.59
occasional user |        391       13.80       85.39
       non-user |        414       14.61      100.00
----------------+-----------------------------------
          Total |      2,834      100.00

. asdoc tab internet_use if cntry =="IT", m replace label dec(2) ///
>         title(Table 1: Internet Use - Italy) ///
>         save(internet_use_Italy_R11.doc), replace

   internet use |
      frequency |      Freq.     Percent        Cum.
----------------+-----------------------------------
  frequent user |      2,029       71.59       71.59
occasional user |        391       13.80       85.39
       non-user |        414       14.61      100.00
----------------+-----------------------------------
          Total |      2,834      100.00
Click to Open File:  internet_use_Italy_R11.doc

.         
.         
. tab pol_participation if cntry == "IT", m 

  Political |
partecipati |
   on index |      Freq.     Percent        Cum.
------------+-----------------------------------
          0 |      2,204       77.77       77.77
          1 |        404       14.26       92.03
          2 |        176        6.21       98.24
          3 |         50        1.76      100.00
------------+-----------------------------------
      Total |      2,834      100.00

. asdoc tab pol_participation if cntry =="IT", m replace label dec(2) 
> ///
>         title(Table 2: Political Participation Index - Italy) ///
>         save(Political_participation_Italy_R11.doc), replace

  Political |
partecipati |
   on index |      Freq.     Percent        Cum.
------------+-----------------------------------
          0 |      2,204       77.77       77.77
          1 |        404       14.26       92.03
          2 |        176        6.21       98.24
          3 |         50        1.76      100.00
------------+-----------------------------------
      Total |      2,834      100.00
Click to Open File:  Political_participation_Italy_R11.doc

. 
. *Svezia
. tab internet_use if cntry == "SE", m 

   internet use |
      frequency |      Freq.     Percent        Cum.
----------------+-----------------------------------
  frequent user |      1,121       92.95       92.95
occasional user |         49        4.06       97.01
       non-user |         36        2.99      100.00
----------------+-----------------------------------
          Total |      1,206      100.00

. asdoc tab internet_use if cntry =="SE", m replace label dec(2) ///
>         title(Table 3: Internet Use - Sweden) ///
>         save(Internet_use_Sweden_R11.doc), replace

   internet use |
      frequency |      Freq.     Percent        Cum.
----------------+-----------------------------------
  frequent user |      1,121       92.95       92.95
occasional user |         49        4.06       97.01
       non-user |         36        2.99      100.00
----------------+-----------------------------------
          Total |      1,206      100.00
Click to Open File:  Internet_use_Sweden_R11.doc

.         
. tab pol_participation if cntry == "SE", m 

  Political |
partecipati |
   on index |      Freq.     Percent        Cum.
------------+-----------------------------------
          0 |        392       32.50       32.50
          1 |        428       35.49       67.99
          2 |        267       22.14       90.13
          3 |        119        9.87      100.00
------------+-----------------------------------
      Total |      1,206      100.00

. asdoc tab pol_participation if cntry =="SE", m replace label dec(2) 
> ///
>         title(Table 4: Political Participation Index - Sweden) ///
>         save(Political_participation_Sweden_R11.doc), replace

  Political |
partecipati |
   on index |      Freq.     Percent        Cum.
------------+-----------------------------------
          0 |        392       32.50       32.50
          1 |        428       35.49       67.99
          2 |        267       22.14       90.13
          3 |        119        9.87      100.00
------------+-----------------------------------
      Total |      1,206      100.00
Click to Open File:  Political_participation_Sweden_R11.doc

.         
. *grafico per la distribuzione dell' uso di internet per paese 
. 
. graph pie, over(internet_use) by(cntry) ///
>         title("Internet use by country") ///
>         pie(1, color(blue)) ///
>         pie(2, color(ltblue)) ///
>         pie(3, color(dknavy))

. graph save grafico_internet.gph, replace
file grafico_internet.gph saved

. 
. *grafico per la partecipazione politica per paese
. 
. graph pie, over(pol_participation) by(cntry) ///
>     title("Political participation by country") ///
>         pie(1, color(blue)) ///
>         pie(2, color(ltblue)) ///
>         pie(3, color(navy)) ///
>         pie(4, color(dknavy))

. graph save grafico_partecipazione.gph, replace
file grafico_partecipazione.gph saved

. 
. 
. ********************************************************************
> ***********
. ********************ANALISI DESCRITTIVA BIVARIATA*******************
> ***********
. 
. //relazione tra uso di internet e partecipazione nei due paesi
. 
. tab internet_use pol_participation if cntry == "IT", row

+----------------+
| Key            |
|----------------|
|   frequency    |
| row percentage |
+----------------+

   internet use |  Political partecipation index
      frequency |         0          1          2 |     Total
----------------+---------------------------------+----------
  frequent user |     1,471        354        158 |     2,029 
                |     72.50      17.45       7.79 |    100.00 
----------------+---------------------------------+----------
occasional user |       332         40         16 |       391 
                |     84.91      10.23       4.09 |    100.00 
----------------+---------------------------------+----------
       non-user |       401         10          2 |       414 
                |     96.86       2.42       0.48 |    100.00 
----------------+---------------------------------+----------
          Total |     2,204        404        176 |     2,834 
                |     77.77      14.26       6.21 |    100.00 


                | Political
                | partecipat
   internet use | ion index
      frequency |         3 |     Total
----------------+-----------+----------
  frequent user |        46 |     2,029 
                |      2.27 |    100.00 
----------------+-----------+----------
occasional user |         3 |       391 
                |      0.77 |    100.00 
----------------+-----------+----------
       non-user |         1 |       414 
                |      0.24 |    100.00 
----------------+-----------+----------
          Total |        50 |     2,834 
                |      1.76 |    100.00 

. tab internet_use pol_participation if cntry == "SE", row

+----------------+
| Key            |
|----------------|
|   frequency    |
| row percentage |
+----------------+

   internet use |  Political partecipation index
      frequency |         0          1          2 |     Total
----------------+---------------------------------+----------
  frequent user |       338        406        259 |     1,121 
                |     30.15      36.22      23.10 |    100.00 
----------------+---------------------------------+----------
occasional user |        27         15          6 |        49 
                |     55.10      30.61      12.24 |    100.00 
----------------+---------------------------------+----------
       non-user |        27          7          2 |        36 
                |     75.00      19.44       5.56 |    100.00 
----------------+---------------------------------+----------
          Total |       392        428        267 |     1,206 
                |     32.50      35.49      22.14 |    100.00 


                | Political
                | partecipat
   internet use | ion index
      frequency |         3 |     Total
----------------+-----------+----------
  frequent user |       118 |     1,121 
                |     10.53 |    100.00 
----------------+-----------+----------
occasional user |         1 |        49 
                |      2.04 |    100.00 
----------------+-----------+----------
       non-user |         0 |        36 
                |      0.00 |    100.00 
----------------+-----------+----------
          Total |       119 |     1,206 
                |      9.87 |    100.00 

. 
. tab internet_use pol_participation if cntry == "IT", chi2

   internet use |  Political partecipation index
      frequency |         0          1          2 |     Total
----------------+---------------------------------+----------
  frequent user |     1,471        354        158 |     2,029 
occasional user |       332         40         16 |       391 
       non-user |       401         10          2 |       414 
----------------+---------------------------------+----------
          Total |     2,204        404        176 |     2,834 


                | Political
                | partecipat
   internet use | ion index
      frequency |         3 |     Total
----------------+-----------+----------
  frequent user |        46 |     2,029 
occasional user |         3 |       391 
       non-user |         1 |       414 
----------------+-----------+----------
          Total |        50 |     2,834 

          Pearson chi2(6) = 132.2325   Pr = 0.000

. tab internet_use pol_participation if cntry == "SE", chi2

   internet use |  Political partecipation index
      frequency |         0          1          2 |     Total
----------------+---------------------------------+----------
  frequent user |       338        406        259 |     1,121 
occasional user |        27         15          6 |        49 
       non-user |        27          7          2 |        36 
----------------+---------------------------------+----------
          Total |       392        428        267 |     1,206 


                | Political
                | partecipat
   internet use | ion index
      frequency |         3 |     Total
----------------+-----------+----------
  frequent user |       118 |     1,121 
occasional user |         1 |        49 
       non-user |         0 |        36 
----------------+-----------+----------
          Total |       119 |     1,206 

          Pearson chi2(6) =  46.9133   Pr = 0.000

. 
. *Italia
. asdoc tab internet_use pol_participation if cntry=="IT", ///
>     row nof chi2 replace label dec(2) ///
>     title(Table 5: Internet Use and Political Participation - Italy)
>  ///
>     save(bivariata_Italia_R11.doc), replace

   internet use |  Political partecipation index
      frequency |         0          1          2 |     Total
----------------+---------------------------------+----------
  frequent user |     72.50      17.45       7.79 |    100.00 
occasional user |     84.91      10.23       4.09 |    100.00 
       non-user |     96.86       2.42       0.48 |    100.00 
----------------+---------------------------------+----------
          Total |     77.77      14.26       6.21 |    100.00 


                | Political
                | partecipat
   internet use | ion index
      frequency |         3 |     Total
----------------+-----------+----------
  frequent user |      2.27 |    100.00 
occasional user |      0.77 |    100.00 
       non-user |      0.24 |    100.00 
----------------+-----------+----------
          Total |      1.76 |    100.00 

          Pearson chi2(6) = 132.2325   Pr = 0.000
Click to Open File:  bivariata_Italia_R11.doc

. 
. *Svezia
. asdoc tab internet_use pol_participation if cntry=="SE", ///
>     row nof chi2 replace label dec(2) ///
>     title(Table 6: Internet Use and Political Participation - Sweden
> ) ///
>     save(bivariata_svezia_R11.doc), replace

   internet use |  Political partecipation index
      frequency |         0          1          2 |     Total
----------------+---------------------------------+----------
  frequent user |     30.15      36.22      23.10 |    100.00 
occasional user |     55.10      30.61      12.24 |    100.00 
       non-user |     75.00      19.44       5.56 |    100.00 
----------------+---------------------------------+----------
          Total |     32.50      35.49      22.14 |    100.00 


                | Political
                | partecipat
   internet use | ion index
      frequency |         3 |     Total
----------------+-----------+----------
  frequent user |     10.53 |    100.00 
occasional user |      2.04 |    100.00 
       non-user |      0.00 |    100.00 
----------------+-----------+----------
          Total |      9.87 |    100.00 

          Pearson chi2(6) =  46.9133   Pr = 0.000
Click to Open File:  bivariata_svezia_R11.doc

. 
. *relazione in Italia per non user
. preserve

. keep if cntry=="IT" & internet_use==3
(3,626 observations deleted)

. graph bar (percent), over(pol_participation) ///
>     title(Italy: Non Users) ///
>     ytitle(Percent) ///
>     blabel(bar, format(%4.1f))

. graph save graf_IT_nonuser.gph, replace
file graf_IT_nonuser.gph saved

. restore

. 
. *relazione in Svezia per non user
. preserve

. keep if cntry=="SE" & internet_use==3
(4,004 observations deleted)

. graph bar (percent), over(pol_participation) ///
>     title(Sweden: Non Users) ///
>     ytitle(Percent) ///
>     blabel(bar, format(%4.1f))

. graph save graf_SE_nonuser.gph, replace
file graf_SE_nonuser.gph saved

. restore

. 
. *relazione a confronto nei due paesi 
. graph combine graf_IT_nonuser.gph graf_SE_nonuser.gph, ///
>     ycommon title(Non Users: Italy vs Sweden)

. graph save graf_nonuser_confronto.gph, replace
file graf_nonuser_confronto.gph saved

. 
. 
. *relazione in Italia per frequent e occasional user
. preserve

. keep if cntry=="IT" & inlist(internet_use, 1, 2)
(1,620 observations deleted)

. graph bar (percent), over(pol_participation) ///
>     title(Italy: Internet Users) ///
>     ytitle(Percent) ///
>     blabel(bar, format(%4.1f))

. graph save graf_IT_users.gph, replace
file graf_IT_users.gph saved

. restore

. 
. *relazione in Svezia per frequent e occasional user
. preserve

. keep if cntry=="SE" & inlist(internet_use, 1, 2)
(2,870 observations deleted)

. graph bar (percent), over(pol_participation) ///
>     title(Sweden: Internet Users) ///
>     ytitle(Percent) ///
>     blabel(bar, format(%4.1f))

. graph save graf_SE_users.gph, replace
file graf_SE_users.gph saved

. restore

. 
. *relazione a confronto nei due paesi
. graph combine graf_IT_users.gph graf_SE_users.gph, ///
>     ycommon title(Internet Users: Italy vs Sweden)

. graph save graf_users_confronto.gph, replace
file graf_users_confronto.gph saved

. 
. 
. *grafici a confronto divisi per paesi e per uso di internet
. graph combine graf_IT_nonuser.gph graf_SE_nonuser.gph ///
>               graf_IT_users.gph graf_SE_users.gph, ///
>     ycommon ///
>     title(Italy vs Sweden: Non Users and Internet Users) ///
>     cols(2)

. graph save graf_totale_confronto.gph, replace
file graf_totale_confronto.gph saved

. 
. 
. //raggruppo la variabile pol_participation dividendo chi ha partecip
> ato almeno in una forma da chi non ha mai partecipato per evidenziar
> e i risultati 
. 
. gen part_bin = 0

. replace part_bin = 1 if pol_participation > 0
(1,444 real changes made)

. label variable part_bin "Political participation"

. label define part_bin 0 "Does not participate" 1 "Participates"

. label value part_bin part_bin

. 
. * Italia - non user
. preserve

. keep if cntry=="IT" & internet_use==3
(3,626 observations deleted)

. graph bar (percent), over(part_bin) ///
>     title(Italy: Non Users) ytitle(Percent) ///
>     blabel(bar, format(%4.1f))

. graph save graf_IT_nonuser2.gph, replace
file graf_IT_nonuser2.gph saved

. restore

. 
. * Italia - users
. preserve

. keep if cntry=="IT" & inlist(internet_use, 1, 2)
(1,620 observations deleted)

. graph bar (percent), over(part_bin) ///
>     title(Italy: Internet Users) ytitle(Percent) ///
>     blabel(bar, format(%4.1f))

. graph save graf_IT_users2.gph, replace
file graf_IT_users2.gph saved

. restore

. 
. * Svezia - non user
. preserve

. keep if cntry=="SE" & internet_use==3
(4,004 observations deleted)

. graph bar (percent), over(part_bin) ///
>     title(Sweden: Non Users) ytitle(Percent) ///
>     blabel(bar, format(%4.1f))

. graph save graf_SE_nonuser2.gph, replace
file graf_SE_nonuser2.gph saved

. restore

. 
. * Svezia - users
. preserve

. keep if cntry=="SE" & inlist(internet_use, 1, 2)
(2,870 observations deleted)

. graph bar (percent), over(part_bin) ///
>     title(Sweden: Internet Users) ytitle(Percent) ///
>     blabel(bar, format(%4.1f))

. graph save graf_SE_users2.gph, replace
file graf_SE_users2.gph saved

. restore

. 
. * Combina tutti e quattro
. graph combine graf_IT_nonuser2.gph graf_SE_nonuser2.gph ///
>               graf_IT_users2.gph graf_SE_users2.gph, ///
>     ycommon cols(2) ///
>     title(Political Participation by Internet Use)

. graph save graf_finale2.gph, replace
file graf_finale2.gph saved

. 
. 
. log close
      name:  <unnamed>
       log:  C:\Users\alice\Documents\STATA\presentazione_statistica.l
> og
  log type:  text
 closed on:  21 Apr 2026, 17:20:29
----------------------------------------------------------------------
